<?xml version="1.0" encoding="utf-8"?>
<TestRun id="d0928d59-439c-4c21-ba30-52d2216dfb3d" name="@cursor 2025-07-04 17:29:16" xmlns="http://microsoft.com/schemas/VisualStudio/TeamTest/2010">
  <Times creation="2025-07-04T17:29:16.3078630+00:00" queuing="2025-07-04T17:29:16.3078631+00:00" start="2025-07-04T17:29:15.7308518+00:00" finish="2025-07-04T17:29:16.3386109+00:00" />
  <TestSettings name="default" id="b55e355d-f24e-4eda-b634-f29a7fe6f993">
    <Deployment runDeploymentRoot="_cursor_2025-07-04_17_29_16" />
  </TestSettings>
  <Results>
    <UnitTestResult executionId="af6890af-afc6-478a-a94a-526c3ea06960" testId="fbc32450-3db5-5196-df70-c2c3b3967d88" testName="Constructor_WhenDependenciesAreNull_ShouldNotThrow" computerName="cursor" duration="00:00:00.0009880" startTime="2025-07-04T17:29:16.2444339+00:00" endTime="2025-07-04T17:29:16.2454217+00:00" testType="13cdc9d9-ddb5-4fa4-a97d-d965ccfc6d4b" outcome="Passed" testListId="8c84fa94-04c1-424b-9868-57a2d4851a1d" relativeResultsDirectory="af6890af-afc6-478a-a94a-526c3ea06960" />
    <UnitTestResult executionId="6bdabc21-4cac-4a98-a162-4996f53548a8" testId="9fd31870-93ad-2d9b-0aaa-ad125f5392cb" testName="CompleteMFAAuthAsync_WhenNoPartialAuth_ShouldThrowException" computerName="cursor" duration="00:00:00.0016460" startTime="2025-07-04T17:29:16.2181991+00:00" endTime="2025-07-04T17:29:16.2198448+00:00" testType="13cdc9d9-ddb5-4fa4-a97d-d965ccfc6d4b" outcome="Passed" testListId="8c84fa94-04c1-424b-9868-57a2d4851a1d" relativeResultsDirectory="6bdabc21-4cac-4a98-a162-4996f53548a8" />
    <UnitTestResult executionId="88c034d7-33da-4cf0-8cc6-45673d709baa" testId="d7a6f086-e375-76ac-3b77-3efb22d2def2" testName="GetGarminAuthenticationAsync_WhenNoTokens_ShouldSignIn" computerName="cursor" duration="00:00:00.0080220" startTime="2025-07-04T17:29:16.2499062+00:00" endTime="2025-07-04T17:29:16.2579277+00:00" testType="13cdc9d9-ddb5-4fa4-a97d-d965ccfc6d4b" outcome="Passed" testListId="8c84fa94-04c1-424b-9868-57a2d4851a1d" relativeResultsDirectory="88c034d7-33da-4cf0-8cc6-45673d709baa" />
    <UnitTestResult executionId="be507cd2-61d6-4d8c-92b0-af31e2321fd3" testId="fea81199-2eda-7cc0-5447-b8c7203b67c6" testName="SignInAsync_WhenInvalidCredentials_ShouldThrowException" computerName="cursor" duration="00:00:00.0005780" startTime="2025-07-04T17:29:16.2705056+00:00" endTime="2025-07-04T17:29:16.2710834+00:00" testType="13cdc9d9-ddb5-4fa4-a97d-d965ccfc6d4b" outcome="Passed" testListId="8c84fa94-04c1-424b-9868-57a2d4851a1d" relativeResultsDirectory="be507cd2-61d6-4d8c-92b0-af31e2321fd3" />
    <UnitTestResult executionId="26016c18-6456-4079-b8e8-6d2b1bcc0509" testId="9d2b5957-4f8f-fc22-f57e-f9eaded782e7" testName="SignInAsync_WhenCloudflareBlocked_ShouldThrowCloudflareException" computerName="cursor" duration="00:00:00.0018580" startTime="2025-07-04T17:29:16.2659743+00:00" endTime="2025-07-04T17:29:16.2678319+00:00" testType="13cdc9d9-ddb5-4fa4-a97d-d965ccfc6d4b" outcome="Passed" testListId="8c84fa94-04c1-424b-9868-57a2d4851a1d" relativeResultsDirectory="26016c18-6456-4079-b8e8-6d2b1bcc0509" />
    <UnitTestResult executionId="c54c1a5a-cb33-4f05-bb8b-bfa4048c1d7e" testId="444cca3b-2483-9d7e-d765-ff03f8236c9a" testName="GarminAuthTokenExistsAndIsValidAsync_WhenOAuth1TokenExists_ShouldReturnTrue" computerName="cursor" duration="00:00:00.0011050" startTime="2025-07-04T17:29:16.2479125+00:00" endTime="2025-07-04T17:29:16.2490172+00:00" testType="13cdc9d9-ddb5-4fa4-a97d-d965ccfc6d4b" outcome="Passed" testListId="8c84fa94-04c1-424b-9868-57a2d4851a1d" relativeResultsDirectory="c54c1a5a-cb33-4f05-bb8b-bfa4048c1d7e" />
    <UnitTestResult executionId="9dc2c70e-3713-4767-88b2-ff8e0843b5e9" testId="92679e3d-d661-be15-cbdf-a3fbbc1fd13a" testName="CompleteMFAAuthAsync_WhenInvalidCode_ShouldThrowException" computerName="cursor" duration="00:00:00.0581960" startTime="2025-07-04T17:29:16.1591715+00:00" endTime="2025-07-04T17:29:16.2173338+00:00" testType="13cdc9d9-ddb5-4fa4-a97d-d965ccfc6d4b" outcome="Passed" testListId="8c84fa94-04c1-424b-9868-57a2d4851a1d" relativeResultsDirectory="9dc2c70e-3713-4767-88b2-ff8e0843b5e9" />
    <UnitTestResult executionId="66148d8e-66a6-41a3-886a-a0bb24a08d04" testId="62bf0dc9-a343-a0de-bd40-7ad06d05a1d9" testName="GetGarminAuthenticationAsync_WhenValidOAuth1Token_ShouldExchangeForOAuth2" computerName="cursor" duration="00:00:00.0018580" startTime="2025-07-04T17:29:16.2625062+00:00" endTime="2025-07-04T17:29:16.2643643+00:00" testType="13cdc9d9-ddb5-4fa4-a97d-d965ccfc6d4b" outcome="Passed" testListId="8c84fa94-04c1-424b-9868-57a2d4851a1d" relativeResultsDirectory="66148d8e-66a6-41a3-886a-a0bb24a08d04" />
    <UnitTestResult executionId="bcf48ef9-c8a1-4b59-ab9e-13d577ccd0ff" testId="cb68c355-6bfa-b011-745e-3a9f50b6a807" testName="CompleteMFAAuthAsync_WhenWrongAuthStage_ShouldThrowException" computerName="cursor" duration="00:00:00.0013649" startTime="2025-07-04T17:29:16.2427768+00:00" endTime="2025-07-04T17:29:16.2441417+00:00" testType="13cdc9d9-ddb5-4fa4-a97d-d965ccfc6d4b" outcome="Passed" testListId="8c84fa94-04c1-424b-9868-57a2d4851a1d" relativeResultsDirectory="bcf48ef9-c8a1-4b59-ab9e-13d577ccd0ff" />
    <UnitTestResult executionId="c9de6880-6a01-4f1c-a642-b799e67a4612" testId="cd12b41f-af21-0e72-d29b-99ed70de03ed" testName="CompleteMFAAuthAsync_WhenValidCode_ShouldCompleteAuth" computerName="cursor" duration="00:00:00.0228739" startTime="2025-07-04T17:29:16.2198699+00:00" endTime="2025-07-04T17:29:16.2427437+00:00" testType="13cdc9d9-ddb5-4fa4-a97d-d965ccfc6d4b" outcome="Passed" testListId="8c84fa94-04c1-424b-9868-57a2d4851a1d" relativeResultsDirectory="c9de6880-6a01-4f1c-a642-b799e67a4612">
      <Output>
        <StdOut>Warning:
     The component "Fluent Assertions" is governed by the rules defined in the Xceed License Agreement and
     the Xceed Fluent Assertions Community License. You may use Fluent Assertions free of charge for
     non-commercial use only. An active subscription is required to use Fluent Assertions for commercial use.

     Please contact Xceed Sales mailto:sales@xceed.com to acquire a subscription at a very low cost.

     A paid commercial license supports the development and continued increasing support of
     Fluent Assertions users under both commercial and community licenses. Help us
     keep Fluent Assertions at the forefront of unit testing.

     For more information, visit https://xceed.com/products/unit-testing/fluent-assertions/</StdOut>
      </Output>
    </UnitTestResult>
    <UnitTestResult executionId="e7367b15-d9b0-4dcd-998d-56dbdf32836d" testId="53bd1552-7549-7526-31ea-0d733217eee6" testName="GarminAuthTokenExistsAndIsValidAsync_WhenExpiredToken_ShouldReturnFalse" computerName="cursor" duration="00:00:00.0024460" startTime="2025-07-04T17:29:16.2454444+00:00" endTime="2025-07-04T17:29:16.2478907+00:00" testType="13cdc9d9-ddb5-4fa4-a97d-d965ccfc6d4b" outcome="Passed" testListId="8c84fa94-04c1-424b-9868-57a2d4851a1d" relativeResultsDirectory="e7367b15-d9b0-4dcd-998d-56dbdf32836d" />
    <UnitTestResult executionId="8c0c4c3b-d09e-4514-b4e0-fb8b31dedba8" testId="0029f72a-8851-6727-0ba3-2f8c2439bbd9" testName="SignInAsync_WhenGetCsrfTokenFails_ShouldThrowAuthenticationError" computerName="cursor" duration="00:00:00.0019980" startTime="2025-07-04T17:29:16.2678465+00:00" endTime="2025-07-04T17:29:16.2698443+00:00" testType="13cdc9d9-ddb5-4fa4-a97d-d965ccfc6d4b" outcome="Passed" testListId="8c84fa94-04c1-424b-9868-57a2d4851a1d" relativeResultsDirectory="8c0c4c3b-d09e-4514-b4e0-fb8b31dedba8" />
    <UnitTestResult executionId="c09e81b4-0010-4c70-8257-aa3996a6e35b" testId="868c7be5-cfbd-065b-6f91-c374862a7a8b" testName="Constructor_ShouldInitializeCorrectly" computerName="cursor" duration="00:00:00.0002640" startTime="2025-07-04T17:29:16.2441606+00:00" endTime="2025-07-04T17:29:16.2444243+00:00" testType="13cdc9d9-ddb5-4fa4-a97d-d965ccfc6d4b" outcome="Passed" testListId="8c84fa94-04c1-424b-9868-57a2d4851a1d" relativeResultsDirectory="c09e81b4-0010-4c70-8257-aa3996a6e35b" />
    <UnitTestResult executionId="4e3a71df-2848-4c55-85a1-df53fe303a8b" testId="4692bdef-824c-2da9-2b8f-73cf5e60e9b6" testName="SignInAsync_WhenMfaRequired_ShouldReturnNeedMfaToken" computerName="cursor" duration="00:00:00.0026950" startTime="2025-07-04T17:29:16.2710967+00:00" endTime="2025-07-04T17:29:16.2737911+00:00" testType="13cdc9d9-ddb5-4fa4-a97d-d965ccfc6d4b" outcome="Passed" testListId="8c84fa94-04c1-424b-9868-57a2d4851a1d" relativeResultsDirectory="4e3a71df-2848-4c55-85a1-df53fe303a8b" />
    <UnitTestResult executionId="55354829-7fd2-4e50-a555-851961801a85" testId="907383d2-f552-bfad-d91c-b70280b356e5" testName="GetGarminAuthenticationAsync_WhenValidOAuth2Token_ShouldReturnCompleted" computerName="cursor" duration="00:00:00.0015790" startTime="2025-07-04T17:29:16.2643805+00:00" endTime="2025-07-04T17:29:16.2659592+00:00" testType="13cdc9d9-ddb5-4fa4-a97d-d965ccfc6d4b" outcome="Passed" testListId="8c84fa94-04c1-424b-9868-57a2d4851a1d" relativeResultsDirectory="55354829-7fd2-4e50-a555-851961801a85" />
    <UnitTestResult executionId="37f7027a-202a-4ea7-af77-f2b36ae22010" testId="990d39b7-12eb-a43b-a0d1-e7000c4a3239" testName="GetGarminAuthenticationAsync_WhenOAuth1ExchangeFails_ShouldFallbackToSignIn" computerName="cursor" duration="00:00:00.0045430" startTime="2025-07-04T17:29:16.2579457+00:00" endTime="2025-07-04T17:29:16.2624889+00:00" testType="13cdc9d9-ddb5-4fa4-a97d-d965ccfc6d4b" outcome="Passed" testListId="8c84fa94-04c1-424b-9868-57a2d4851a1d" relativeResultsDirectory="37f7027a-202a-4ea7-af77-f2b36ae22010" />
    <UnitTestResult executionId="8be21a31-b7a3-4987-8720-e6c02b4adb65" testId="0d5ea9a5-e766-e27c-62d6-1ab97d135490" testName="GarminAuthTokenExistsAndIsValidAsync_WhenValidToken_ShouldReturnTrue" computerName="cursor" duration="00:00:00.0008440" startTime="2025-07-04T17:29:16.2490397+00:00" endTime="2025-07-04T17:29:16.2498835+00:00" testType="13cdc9d9-ddb5-4fa4-a97d-d965ccfc6d4b" outcome="Passed" testListId="8c84fa94-04c1-424b-9868-57a2d4851a1d" relativeResultsDirectory="8be21a31-b7a3-4987-8720-e6c02b4adb65" />
    <UnitTestResult executionId="65d15ece-5bb1-4248-a9b9-f2ae11125746" testId="facbc2fa-2782-495e-b566-3c0160b941d0" testName="SignOutAsync_ShouldClearAllTokens" computerName="cursor" duration="00:00:00.0013090" startTime="2025-07-04T17:29:16.2765038+00:00" endTime="2025-07-04T17:29:16.2778127+00:00" testType="13cdc9d9-ddb5-4fa4-a97d-d965ccfc6d4b" outcome="Passed" testListId="8c84fa94-04c1-424b-9868-57a2d4851a1d" relativeResultsDirectory="65d15ece-5bb1-4248-a9b9-f2ae11125746" />
    <UnitTestResult executionId="37557e75-85a9-4ee8-95bc-152f18d7d3e1" testId="1c161d40-6f81-55f6-2fc5-a2aaa91db134" testName="SignInAsync_WhenValidCredentials_ShouldReturnAuthentication" computerName="cursor" duration="00:00:00.0026830" startTime="2025-07-04T17:29:16.2738061+00:00" endTime="2025-07-04T17:29:16.2764893+00:00" testType="13cdc9d9-ddb5-4fa4-a97d-d965ccfc6d4b" outcome="Passed" testListId="8c84fa94-04c1-424b-9868-57a2d4851a1d" relativeResultsDirectory="37557e75-85a9-4ee8-95bc-152f18d7d3e1" />
    <UnitTestResult executionId="6acbaba2-e489-4ace-9e43-c60906c9db15" testId="f998499a-614e-ff27-ca3d-a560deec8923" testName="SignInAsync_WhenInitCookieJarFails_ShouldThrowAuthenticationError" computerName="cursor" duration="00:00:00.0006310" startTime="2025-07-04T17:29:16.2698603+00:00" endTime="2025-07-04T17:29:16.2704912+00:00" testType="13cdc9d9-ddb5-4fa4-a97d-d965ccfc6d4b" outcome="Passed" testListId="8c84fa94-04c1-424b-9868-57a2d4851a1d" relativeResultsDirectory="6acbaba2-e489-4ace-9e43-c60906c9db15" />
  </Results>
  <TestDefinitions>
    <UnitTest name="SignInAsync_WhenCloudflareBlocked_ShouldThrowCloudflareException" storage="/workspace/src/unittests/bin/debug/net9.0/unittests.dll" id="9d2b5957-4f8f-fc22-f57e-f9eaded782e7">
      <Execution id="26016c18-6456-4079-b8e8-6d2b1bcc0509" />
      <TestMethod codeBase="/workspace/src/UnitTests/bin/Debug/net9.0/UnitTests.dll" adapterTypeName="executor://nunit3testexecutor/" className="UnitTests.Garmin.GarminAuthenticationServiceTests" name="SignInAsync_WhenCloudflareBlocked_ShouldThrowCloudflareException" />
    </UnitTest>
    <UnitTest name="CompleteMFAAuthAsync_WhenWrongAuthStage_ShouldThrowException" storage="/workspace/src/unittests/bin/debug/net9.0/unittests.dll" id="cb68c355-6bfa-b011-745e-3a9f50b6a807">
      <Execution id="bcf48ef9-c8a1-4b59-ab9e-13d577ccd0ff" />
      <TestMethod codeBase="/workspace/src/UnitTests/bin/Debug/net9.0/UnitTests.dll" adapterTypeName="executor://nunit3testexecutor/" className="UnitTests.Garmin.GarminAuthenticationServiceTests" name="CompleteMFAAuthAsync_WhenWrongAuthStage_ShouldThrowException" />
    </UnitTest>
    <UnitTest name="CompleteMFAAuthAsync_WhenValidCode_ShouldCompleteAuth" storage="/workspace/src/unittests/bin/debug/net9.0/unittests.dll" id="cd12b41f-af21-0e72-d29b-99ed70de03ed">
      <Execution id="c9de6880-6a01-4f1c-a642-b799e67a4612" />
      <TestMethod codeBase="/workspace/src/UnitTests/bin/Debug/net9.0/UnitTests.dll" adapterTypeName="executor://nunit3testexecutor/" className="UnitTests.Garmin.GarminAuthenticationServiceTests" name="CompleteMFAAuthAsync_WhenValidCode_ShouldCompleteAuth" />
    </UnitTest>
    <UnitTest name="CompleteMFAAuthAsync_WhenInvalidCode_ShouldThrowException" storage="/workspace/src/unittests/bin/debug/net9.0/unittests.dll" id="92679e3d-d661-be15-cbdf-a3fbbc1fd13a">
      <Execution id="9dc2c70e-3713-4767-88b2-ff8e0843b5e9" />
      <TestMethod codeBase="/workspace/src/UnitTests/bin/Debug/net9.0/UnitTests.dll" adapterTypeName="executor://nunit3testexecutor/" className="UnitTests.Garmin.GarminAuthenticationServiceTests" name="CompleteMFAAuthAsync_WhenInvalidCode_ShouldThrowException" />
    </UnitTest>
    <UnitTest name="CompleteMFAAuthAsync_WhenNoPartialAuth_ShouldThrowException" storage="/workspace/src/unittests/bin/debug/net9.0/unittests.dll" id="9fd31870-93ad-2d9b-0aaa-ad125f5392cb">
      <Execution id="6bdabc21-4cac-4a98-a162-4996f53548a8" />
      <TestMethod codeBase="/workspace/src/UnitTests/bin/Debug/net9.0/UnitTests.dll" adapterTypeName="executor://nunit3testexecutor/" className="UnitTests.Garmin.GarminAuthenticationServiceTests" name="CompleteMFAAuthAsync_WhenNoPartialAuth_ShouldThrowException" />
    </UnitTest>
    <UnitTest name="SignInAsync_WhenValidCredentials_ShouldReturnAuthentication" storage="/workspace/src/unittests/bin/debug/net9.0/unittests.dll" id="1c161d40-6f81-55f6-2fc5-a2aaa91db134">
      <Execution id="37557e75-85a9-4ee8-95bc-152f18d7d3e1" />
      <TestMethod codeBase="/workspace/src/UnitTests/bin/Debug/net9.0/UnitTests.dll" adapterTypeName="executor://nunit3testexecutor/" className="UnitTests.Garmin.GarminAuthenticationServiceTests" name="SignInAsync_WhenValidCredentials_ShouldReturnAuthentication" />
    </UnitTest>
    <UnitTest name="SignInAsync_WhenInitCookieJarFails_ShouldThrowAuthenticationError" storage="/workspace/src/unittests/bin/debug/net9.0/unittests.dll" id="f998499a-614e-ff27-ca3d-a560deec8923">
      <Execution id="6acbaba2-e489-4ace-9e43-c60906c9db15" />
      <TestMethod codeBase="/workspace/src/UnitTests/bin/Debug/net9.0/UnitTests.dll" adapterTypeName="executor://nunit3testexecutor/" className="UnitTests.Garmin.GarminAuthenticationServiceTests" name="SignInAsync_WhenInitCookieJarFails_ShouldThrowAuthenticationError" />
    </UnitTest>
    <UnitTest name="GarminAuthTokenExistsAndIsValidAsync_WhenValidToken_ShouldReturnTrue" storage="/workspace/src/unittests/bin/debug/net9.0/unittests.dll" id="0d5ea9a5-e766-e27c-62d6-1ab97d135490">
      <Execution id="8be21a31-b7a3-4987-8720-e6c02b4adb65" />
      <TestMethod codeBase="/workspace/src/UnitTests/bin/Debug/net9.0/UnitTests.dll" adapterTypeName="executor://nunit3testexecutor/" className="UnitTests.Garmin.GarminAuthenticationServiceTests" name="GarminAuthTokenExistsAndIsValidAsync_WhenValidToken_ShouldReturnTrue" />
    </UnitTest>
    <UnitTest name="GetGarminAuthenticationAsync_WhenValidOAuth1Token_ShouldExchangeForOAuth2" storage="/workspace/src/unittests/bin/debug/net9.0/unittests.dll" id="62bf0dc9-a343-a0de-bd40-7ad06d05a1d9">
      <Execution id="66148d8e-66a6-41a3-886a-a0bb24a08d04" />
      <TestMethod codeBase="/workspace/src/UnitTests/bin/Debug/net9.0/UnitTests.dll" adapterTypeName="executor://nunit3testexecutor/" className="UnitTests.Garmin.GarminAuthenticationServiceTests" name="GetGarminAuthenticationAsync_WhenValidOAuth1Token_ShouldExchangeForOAuth2" />
    </UnitTest>
    <UnitTest name="GarminAuthTokenExistsAndIsValidAsync_WhenExpiredToken_ShouldReturnFalse" storage="/workspace/src/unittests/bin/debug/net9.0/unittests.dll" id="53bd1552-7549-7526-31ea-0d733217eee6">
      <Execution id="e7367b15-d9b0-4dcd-998d-56dbdf32836d" />
      <TestMethod codeBase="/workspace/src/UnitTests/bin/Debug/net9.0/UnitTests.dll" adapterTypeName="executor://nunit3testexecutor/" className="UnitTests.Garmin.GarminAuthenticationServiceTests" name="GarminAuthTokenExistsAndIsValidAsync_WhenExpiredToken_ShouldReturnFalse" />
    </UnitTest>
    <UnitTest name="GetGarminAuthenticationAsync_WhenOAuth1ExchangeFails_ShouldFallbackToSignIn" storage="/workspace/src/unittests/bin/debug/net9.0/unittests.dll" id="990d39b7-12eb-a43b-a0d1-e7000c4a3239">
      <Execution id="37f7027a-202a-4ea7-af77-f2b36ae22010" />
      <TestMethod codeBase="/workspace/src/UnitTests/bin/Debug/net9.0/UnitTests.dll" adapterTypeName="executor://nunit3testexecutor/" className="UnitTests.Garmin.GarminAuthenticationServiceTests" name="GetGarminAuthenticationAsync_WhenOAuth1ExchangeFails_ShouldFallbackToSignIn" />
    </UnitTest>
    <UnitTest name="GetGarminAuthenticationAsync_WhenValidOAuth2Token_ShouldReturnCompleted" storage="/workspace/src/unittests/bin/debug/net9.0/unittests.dll" id="907383d2-f552-bfad-d91c-b70280b356e5">
      <Execution id="55354829-7fd2-4e50-a555-851961801a85" />
      <TestMethod codeBase="/workspace/src/UnitTests/bin/Debug/net9.0/UnitTests.dll" adapterTypeName="executor://nunit3testexecutor/" className="UnitTests.Garmin.GarminAuthenticationServiceTests" name="GetGarminAuthenticationAsync_WhenValidOAuth2Token_ShouldReturnCompleted" />
    </UnitTest>
    <UnitTest name="Constructor_ShouldInitializeCorrectly" storage="/workspace/src/unittests/bin/debug/net9.0/unittests.dll" id="868c7be5-cfbd-065b-6f91-c374862a7a8b">
      <Execution id="c09e81b4-0010-4c70-8257-aa3996a6e35b" />
      <TestMethod codeBase="/workspace/src/UnitTests/bin/Debug/net9.0/UnitTests.dll" adapterTypeName="executor://nunit3testexecutor/" className="UnitTests.Garmin.GarminAuthenticationServiceTests" name="Constructor_ShouldInitializeCorrectly" />
    </UnitTest>
    <UnitTest name="SignInAsync_WhenGetCsrfTokenFails_ShouldThrowAuthenticationError" storage="/workspace/src/unittests/bin/debug/net9.0/unittests.dll" id="0029f72a-8851-6727-0ba3-2f8c2439bbd9">
      <Execution id="8c0c4c3b-d09e-4514-b4e0-fb8b31dedba8" />
      <TestMethod codeBase="/workspace/src/UnitTests/bin/Debug/net9.0/UnitTests.dll" adapterTypeName="executor://nunit3testexecutor/" className="UnitTests.Garmin.GarminAuthenticationServiceTests" name="SignInAsync_WhenGetCsrfTokenFails_ShouldThrowAuthenticationError" />
    </UnitTest>
    <UnitTest name="Constructor_WhenDependenciesAreNull_ShouldNotThrow" storage="/workspace/src/unittests/bin/debug/net9.0/unittests.dll" id="fbc32450-3db5-5196-df70-c2c3b3967d88">
      <Execution id="af6890af-afc6-478a-a94a-526c3ea06960" />
      <TestMethod codeBase="/workspace/src/UnitTests/bin/Debug/net9.0/UnitTests.dll" adapterTypeName="executor://nunit3testexecutor/" className="UnitTests.Garmin.GarminAuthenticationServiceTests" name="Constructor_WhenDependenciesAreNull_ShouldNotThrow" />
    </UnitTest>
    <UnitTest name="SignOutAsync_ShouldClearAllTokens" storage="/workspace/src/unittests/bin/debug/net9.0/unittests.dll" id="facbc2fa-2782-495e-b566-3c0160b941d0">
      <Execution id="65d15ece-5bb1-4248-a9b9-f2ae11125746" />
      <TestMethod codeBase="/workspace/src/UnitTests/bin/Debug/net9.0/UnitTests.dll" adapterTypeName="executor://nunit3testexecutor/" className="UnitTests.Garmin.GarminAuthenticationServiceTests" name="SignOutAsync_ShouldClearAllTokens" />
    </UnitTest>
    <UnitTest name="GetGarminAuthenticationAsync_WhenNoTokens_ShouldSignIn" storage="/workspace/src/unittests/bin/debug/net9.0/unittests.dll" id="d7a6f086-e375-76ac-3b77-3efb22d2def2">
      <Execution id="88c034d7-33da-4cf0-8cc6-45673d709baa" />
      <TestMethod codeBase="/workspace/src/UnitTests/bin/Debug/net9.0/UnitTests.dll" adapterTypeName="executor://nunit3testexecutor/" className="UnitTests.Garmin.GarminAuthenticationServiceTests" name="GetGarminAuthenticationAsync_WhenNoTokens_ShouldSignIn" />
    </UnitTest>
    <UnitTest name="GarminAuthTokenExistsAndIsValidAsync_WhenOAuth1TokenExists_ShouldReturnTrue" storage="/workspace/src/unittests/bin/debug/net9.0/unittests.dll" id="444cca3b-2483-9d7e-d765-ff03f8236c9a">
      <Execution id="c54c1a5a-cb33-4f05-bb8b-bfa4048c1d7e" />
      <TestMethod codeBase="/workspace/src/UnitTests/bin/Debug/net9.0/UnitTests.dll" adapterTypeName="executor://nunit3testexecutor/" className="UnitTests.Garmin.GarminAuthenticationServiceTests" name="GarminAuthTokenExistsAndIsValidAsync_WhenOAuth1TokenExists_ShouldReturnTrue" />
    </UnitTest>
    <UnitTest name="SignInAsync_WhenMfaRequired_ShouldReturnNeedMfaToken" storage="/workspace/src/unittests/bin/debug/net9.0/unittests.dll" id="4692bdef-824c-2da9-2b8f-73cf5e60e9b6">
      <Execution id="4e3a71df-2848-4c55-85a1-df53fe303a8b" />
      <TestMethod codeBase="/workspace/src/UnitTests/bin/Debug/net9.0/UnitTests.dll" adapterTypeName="executor://nunit3testexecutor/" className="UnitTests.Garmin.GarminAuthenticationServiceTests" name="SignInAsync_WhenMfaRequired_ShouldReturnNeedMfaToken" />
    </UnitTest>
    <UnitTest name="SignInAsync_WhenInvalidCredentials_ShouldThrowException" storage="/workspace/src/unittests/bin/debug/net9.0/unittests.dll" id="fea81199-2eda-7cc0-5447-b8c7203b67c6">
      <Execution id="be507cd2-61d6-4d8c-92b0-af31e2321fd3" />
      <TestMethod codeBase="/workspace/src/UnitTests/bin/Debug/net9.0/UnitTests.dll" adapterTypeName="executor://nunit3testexecutor/" className="UnitTests.Garmin.GarminAuthenticationServiceTests" name="SignInAsync_WhenInvalidCredentials_ShouldThrowException" />
    </UnitTest>
  </TestDefinitions>
  <TestEntries>
    <TestEntry testId="fbc32450-3db5-5196-df70-c2c3b3967d88" executionId="af6890af-afc6-478a-a94a-526c3ea06960" testListId="8c84fa94-04c1-424b-9868-57a2d4851a1d" />
    <TestEntry testId="9fd31870-93ad-2d9b-0aaa-ad125f5392cb" executionId="6bdabc21-4cac-4a98-a162-4996f53548a8" testListId="8c84fa94-04c1-424b-9868-57a2d4851a1d" />
    <TestEntry testId="d7a6f086-e375-76ac-3b77-3efb22d2def2" executionId="88c034d7-33da-4cf0-8cc6-45673d709baa" testListId="8c84fa94-04c1-424b-9868-57a2d4851a1d" />
    <TestEntry testId="fea81199-2eda-7cc0-5447-b8c7203b67c6" executionId="be507cd2-61d6-4d8c-92b0-af31e2321fd3" testListId="8c84fa94-04c1-424b-9868-57a2d4851a1d" />
    <TestEntry testId="9d2b5957-4f8f-fc22-f57e-f9eaded782e7" executionId="26016c18-6456-4079-b8e8-6d2b1bcc0509" testListId="8c84fa94-04c1-424b-9868-57a2d4851a1d" />
    <TestEntry testId="444cca3b-2483-9d7e-d765-ff03f8236c9a" executionId="c54c1a5a-cb33-4f05-bb8b-bfa4048c1d7e" testListId="8c84fa94-04c1-424b-9868-57a2d4851a1d" />
    <TestEntry testId="92679e3d-d661-be15-cbdf-a3fbbc1fd13a" executionId="9dc2c70e-3713-4767-88b2-ff8e0843b5e9" testListId="8c84fa94-04c1-424b-9868-57a2d4851a1d" />
    <TestEntry testId="62bf0dc9-a343-a0de-bd40-7ad06d05a1d9" executionId="66148d8e-66a6-41a3-886a-a0bb24a08d04" testListId="8c84fa94-04c1-424b-9868-57a2d4851a1d" />
    <TestEntry testId="cb68c355-6bfa-b011-745e-3a9f50b6a807" executionId="bcf48ef9-c8a1-4b59-ab9e-13d577ccd0ff" testListId="8c84fa94-04c1-424b-9868-57a2d4851a1d" />
    <TestEntry testId="cd12b41f-af21-0e72-d29b-99ed70de03ed" executionId="c9de6880-6a01-4f1c-a642-b799e67a4612" testListId="8c84fa94-04c1-424b-9868-57a2d4851a1d" />
    <TestEntry testId="53bd1552-7549-7526-31ea-0d733217eee6" executionId="e7367b15-d9b0-4dcd-998d-56dbdf32836d" testListId="8c84fa94-04c1-424b-9868-57a2d4851a1d" />
    <TestEntry testId="0029f72a-8851-6727-0ba3-2f8c2439bbd9" executionId="8c0c4c3b-d09e-4514-b4e0-fb8b31dedba8" testListId="8c84fa94-04c1-424b-9868-57a2d4851a1d" />
    <TestEntry testId="868c7be5-cfbd-065b-6f91-c374862a7a8b" executionId="c09e81b4-0010-4c70-8257-aa3996a6e35b" testListId="8c84fa94-04c1-424b-9868-57a2d4851a1d" />
    <TestEntry testId="4692bdef-824c-2da9-2b8f-73cf5e60e9b6" executionId="4e3a71df-2848-4c55-85a1-df53fe303a8b" testListId="8c84fa94-04c1-424b-9868-57a2d4851a1d" />
    <TestEntry testId="907383d2-f552-bfad-d91c-b70280b356e5" executionId="55354829-7fd2-4e50-a555-851961801a85" testListId="8c84fa94-04c1-424b-9868-57a2d4851a1d" />
    <TestEntry testId="990d39b7-12eb-a43b-a0d1-e7000c4a3239" executionId="37f7027a-202a-4ea7-af77-f2b36ae22010" testListId="8c84fa94-04c1-424b-9868-57a2d4851a1d" />
    <TestEntry testId="0d5ea9a5-e766-e27c-62d6-1ab97d135490" executionId="8be21a31-b7a3-4987-8720-e6c02b4adb65" testListId="8c84fa94-04c1-424b-9868-57a2d4851a1d" />
    <TestEntry testId="facbc2fa-2782-495e-b566-3c0160b941d0" executionId="65d15ece-5bb1-4248-a9b9-f2ae11125746" testListId="8c84fa94-04c1-424b-9868-57a2d4851a1d" />
    <TestEntry testId="1c161d40-6f81-55f6-2fc5-a2aaa91db134" executionId="37557e75-85a9-4ee8-95bc-152f18d7d3e1" testListId="8c84fa94-04c1-424b-9868-57a2d4851a1d" />
    <TestEntry testId="f998499a-614e-ff27-ca3d-a560deec8923" executionId="6acbaba2-e489-4ace-9e43-c60906c9db15" testListId="8c84fa94-04c1-424b-9868-57a2d4851a1d" />
  </TestEntries>
  <TestLists>
    <TestList name="Results Not in a List" id="8c84fa94-04c1-424b-9868-57a2d4851a1d" />
    <TestList name="All Loaded Results" id="19431567-8539-422a-85d7-44ee4e166bda" />
  </TestLists>
  <ResultSummary outcome="Completed">
    <Counters total="20" executed="20" passed="20" failed="0" error="0" timeout="0" aborted="0" inconclusive="0" passedButRunAborted="0" notRunnable="0" notExecuted="0" disconnected="0" warning="0" completed="0" inProgress="0" pending="0" />
    <Output>
      <StdOut>NUnit Adapter 5.0.0.0: Test execution started
Running selected tests in /workspace/src/UnitTests/bin/Debug/net9.0/UnitTests.dll
   NUnit3TestExecutor discovered 20 of 20 NUnit test cases using Current Discovery mode, Non-Explicit run
     Warning:
     The component "Fluent Assertions" is governed by the rules defined in the Xceed License Agreement and
     the Xceed Fluent Assertions Community License. You may use Fluent Assertions free of charge for
     non-commercial use only. An active subscription is required to use Fluent Assertions for commercial use.

     Please contact Xceed Sales mailto:sales@xceed.com to acquire a subscription at a very low cost.

     A paid commercial license supports the development and continued increasing support of
     Fluent Assertions users under both commercial and community licenses. Help us
     keep Fluent Assertions at the forefront of unit testing.

     For more information, visit https://xceed.com/products/unit-testing/fluent-assertions/

NUnit Adapter 5.0.0.0: Test execution complete
</StdOut>
    </Output>
  </ResultSummary>
</TestRun>